// Jest Snapshot v1, https://goo.gl/fbAQLP

exports[`should render ExpenseListItem correct 1`] = `
<div>
  <h3>
    <Link
      exact={true}
      to="/edit/1"
    >
      Gum
    </Link>
  </h3>
  <br />
  <p>
    195
     - 
    0
  </p>
</div>
`;
